
Compiling lib\main.dart for the Web...                             49.7s
ΓêÜ Built build\web
